Starting a Gradle Daemon, 1 incompatible Daemon could not be reused, use --status for details

> Configure project :
Fabric Loom: 1.16.1

> Task :compileJava
/Users/weiziheng/Documents/igem_minecraft_mod/igem-mod-template-26.1.2/src/main/java/name/modid/block/WaterBathBlock.java:55: 错误: isClientSide 在 Level 中是 private 访问控制
		if (level.isClientSide) {
		         ^
/Users/weiziheng/Documents/igem_minecraft_mod/igem-mod-template-26.1.2/src/main/java/name/modid/block/WaterBathBlock.java:67: 错误: WaterBathBlock 中的 onRemove(BlockState,Level,BlockPos,BlockState,boolean) 不会覆盖或实现超类型中的方法
	@Override
	^
/Users/weiziheng/Documents/igem_minecraft_mod/igem-mod-template-26.1.2/src/main/java/name/modid/block/WaterBathBlock.java:75: 错误: 找不到符号
			super.onRemove(state, level, pos, newState, isMoving);
			     ^
  符号: 方法 onRemove(BlockState,Level,BlockPos,BlockState,boolean)
/Users/weiziheng/Documents/igem_minecraft_mod/igem-mod-template-26.1.2/src/main/java/name/modid/block/WaterBathBlock.java:82: 错误: isClientSide 在 Level 中是 private 访问控制
		return level.isClientSide ? null : createTickerHelper(blockEntityType, ModBlockEntities.WATER_BATH, WaterBathBlockEntity::tick);
		            ^
4 个错误

> Task :compileJava FAILED

[Incubating] Problems report is available at: file:///Users/weiziheng/Documents/igem_minecraft_mod/igem-mod-template-26.1.2/build/reports/problems/problems-report.html

FAILURE: Build failed with an exception.

* What went wrong:
Execution failed for task ':compileJava'.
> Compilation failed; see the compiler output below.
  /Users/weiziheng/Documents/igem_minecraft_mod/igem-mod-template-26.1.2/src/main/java/name/modid/block/WaterBathBlock.java:75: 错误: 找不到符号
  			super.onRemove(state, level, pos, newState, isMoving);
  			     ^
    符号: 方法 onRemove(BlockState,Level,BlockPos,BlockState,boolean)
  /Users/weiziheng/Documents/igem_minecraft_mod/igem-mod-template-26.1.2/src/main/java/name/modid/block/WaterBathBlock.java:55: 错误: isClientSide 在 Level 中是 private 访问控制
  		if (level.isClientSide) {
  		         ^
  /Users/weiziheng/Documents/igem_minecraft_mod/igem-mod-template-26.1.2/src/main/java/name/modid/block/WaterBathBlock.java:82: 错误: isClientSide 在 Level 中是 private 访问控制
  		return level.isClientSide ? null : createTickerHelper(blockEntityType, ModBlockEntities.WATER_BATH, WaterBathBlockEntity::tick);
  		            ^
  /Users/weiziheng/Documents/igem_minecraft_mod/igem-mod-template-26.1.2/src/main/java/name/modid/block/WaterBathBlock.java:67: 错误: WaterBathBlock 中的 onRemove(BlockState,Level,BlockPos,BlockState,boolean) 不会覆盖或实现超类型中的方法
  	@Override
  	^
  4 个错误

* Try:
> Check your code and dependencies to fix the compilation error(s)
> Run with --scan to get full insights from a Build Scan (powered by Develocity).

Deprecated Gradle features were used in this build, making it incompatible with Gradle 10.

You can use '--warning-mode all' to show the individual deprecation warnings and determine if they come from your own scripts or plugins.

For more on this, please refer to https://docs.gradle.org/9.4.1/userguide/command_line_interface.html#sec:command_line_warnings in the Gradle documentation.

BUILD FAILED in 14s
1 actionable task: 1 executed
